Warning: TTY mode is not supported on Windows platform.

  [37;41;1m FAIL [39;49;22m[39m Tests\Feature\ApiAuthTest[39m
  [31;1mΓ¿»[39;22m[39m [2muser can register[22m[39m
  [31;1mΓ¿»[39;22m[39m [2mdriver can register with availability[22m[39m
  [31;1mΓ¿»[39;22m[39m [2muser can login[22m[39m
  [31;1mΓ¿»[39;22m[39m [2mauthenticated user can get profile[22m[39m
  [31;1mΓ¿»[39;22m[39m [2mdriver registration fails with invalid availability[22m[39m

  [2m---[22m

  [31;1mΓÇó Tests\Feature\ApiAuthTest [39;22m> [31;1muser can register[39;22m
[39;1m  Expected response status code [200] but received 500.
  Failed asserting that 200 is identical to 500.
  
  
  
  The following exception occurred during the last request:
  
  InvalidArgumentException: Auth guard [api] is not defined. in F:\Projects\BackEnd\laravel\go\go\vendor\laravel\framework\src\Illuminate\Auth\AuthManager.php:86
  Stack trace:
  #0 F:\Projects\BackEnd\laravel\go\go\vendor\laravel\framework\src\Illuminate\Auth\AuthManager.php(70): Illuminate\Auth\AuthManager->resolve('api')
  #1 F:\Projects\BackEnd\laravel\go\go\vendor\laravel\framework\src\Illuminate\Foundation\helpers.php(164): Illuminate\Auth\AuthManager->guard('api')
  #2 F:\Projects\BackEnd\laravel\go\go\app\Http\Controllers\Api\Auth\AuthController.php(62): auth('api')
  #3 F:\Projects\BackEnd\laravel\go\go\vendor\laravel\framework\src\Illuminate\Routing\Controller.php(54): App\Http\Controllers\Api\Auth\AuthController->registerUser(Object(Illuminate\Http\Request))
  #4 F:\Projects\BackEnd\laravel\go\go\vendor\laravel\framework\src\Illuminate\Routing\ControllerDispatcher.php(43): Illuminate\Routing\Controller->callAction('registerUser', Array)
  #5 F:\Projects\BackEnd\laravel\go\go\vendor\laravel\framework\src\Illuminate\Routing\Route.php(259): Illuminate\Routing\ControllerDispatcher->dispatch(Object(Illuminate\Routing\Route), Object(App\Http\Controllers\Api\Auth\AuthController), 'registerUser')
  #6 F:\Projects\BackEnd\laravel\go\go\vendor\laravel\framework\src\Illuminate\Routing\Route.php(205): Illuminate\Routing\Route->runController()
  #7 F:\Projects\BackEnd\laravel\go\go\vendor\laravel\framework\src\Illuminate\Routing\Router.php(798): Illuminate\Routing\Route->run()
  #8 F:\Projects\BackEnd\laravel\go\go\vendor\laravel\framework\src\Illuminate\Pipeline\Pipeline.php(141): Illuminate\Routing\Router->Illuminate\Routing\{closure}(Object(Illuminate\Http\Request))
  #9 F:\Projects\BackEnd\laravel\go\go\vendor\laravel\framework\src\Illuminate\Routing\Middleware\SubstituteBindings.php(50): Illuminate\Pipeline\Pipeline->Illuminate\Pipeline\{closure}(Object(Illuminate\Http\Request))
  #10 F:\Projects\BackEnd\laravel\go\go\vendor\laravel\framework\src\Illuminate\Pipeline\Pipeline.php(180): Illuminate\Routing\Middleware\SubstituteBindings->handle(Object(Illuminate\Http\Request), Object(Closure))
  #11 F:\Projects\BackEnd\laravel\go\go\vendor\laravel\framework\src\Illuminate\Routing\Middleware\ThrottleRequests.php(126): Illuminate\Pipeline\Pipeline->Illuminate\Pipeline\{closure}(Object(Illuminate\Http\Request))
  #12 F:\Projects\BackEnd\laravel\go\go\vendor\laravel\framework\src\Illuminate\Routing\Middleware\ThrottleRequests.php(92): Illuminate\Routing\Middleware\ThrottleRequests->handleRequest(Object(Illuminate\Http\Request), Object(Closure), Array)
  #13 F:\Projects\BackEnd\laravel\go\go\vendor\laravel\framework\src\Illuminate\Routing\Middleware\ThrottleRequests.php(54): Illuminate\Routing\Middleware\ThrottleRequests->handleRequestUsingNamedLimiter(Object(Illuminate\Http\Request), Object(Closure), 'api', Object(Closure))
  #14 F:\Projects\BackEnd\laravel\go\go\vendor\laravel\framework\src\Illuminate\Pipeline\Pipeline.php(180): Illuminate\Routing\Middleware\ThrottleRequests->handle(Object(Illuminate\Http\Request), Object(Closure), 'api')
  #15 F:\Projects\BackEnd\laravel\go\go\vendor\laravel\framework\src\Illuminate\Pipeline\Pipeline.php(116): Illuminate\Pipeline\Pipeline->Illuminate\Pipeline\{closure}(Object(Illuminate\Http\Request))
  #16 F:\Projects\BackEnd\laravel\go\go\vendor\laravel\framework\src\Illuminate\Routing\Router.php(797): Illuminate\Pipeline\Pipeline->then(Object(Closure))
  #17 F:\Projects\BackEnd\laravel\go\go\vendor\laravel\framework\src\Illuminate\Routing\Router.php(776): Illuminate\Routing\Router->runRouteWithinStack(Object(Illuminate\Routing\Route), Object(Illuminate\Http\Request))
  #18 F:\Projects\BackEnd\laravel\go\go\vendor\laravel\framework\src\Illuminate\Routing\Router.php(740): Illuminate\Routing\Router->runRoute(Object(Illuminate\Http\Request), Object(Illuminate\Routing\Route))
  #19 F:\Projects\BackEnd\laravel\go\go\vendor\laravel\framework\src\Illuminate\Routing\Router.php(729): Illuminate\Routing\Router->dispatchToRoute(Object(Illuminate\Http\Request))
  #20 F:\Projects\BackEnd\laravel\go\go\vendor\laravel\framework\src\Illuminate\Foundation\Http\Kernel.php(190): Illuminate\Routing\Router->dispatch(Object(Illuminate\Http\Request))
  #21 F:\Projects\BackEnd\laravel\go\go\vendor\laravel\framework\src\Illuminate\Pipeline\Pipeline.php(141): Illuminate\Foundation\Http\Kernel->Illuminate\Foundation\Http\{closure}(Object(Illuminate\Http\Request))
  #22 F:\Projects\BackEnd\laravel\go\go\vendor\laravel\framework\src\Illuminate\Foundation\Http\Middleware\TransformsRequest.php(21): Illuminate\Pipeline\Pipeline->Illuminate\Pipeline\{closure}(Object(Illuminate\Http\Request))
  #23 F:\Projects\BackEnd\laravel\go\go\vendor\laravel\framework\src\Illuminate\Foundation\Http\Middleware\ConvertEmptyStringsToNull.php(31): Illuminate\Foundation\Http\Middleware\TransformsRequest->handle(Object(Illuminate\Http\Request), Object(Closure))
  #24 F:\Projects\BackEnd\laravel\go\go\vendor\laravel\framework\src\Illuminate\Pipeline\Pipeline.php(180): Illuminate\Foundation\Http\Middleware\ConvertEmptyStringsToNull->handle(Object(Illuminate\Http\Request), Object(Closure))
  #25 F:\Projects\BackEnd\laravel\go\go\vendor\laravel\framework\src\Illuminate\Foundation\Http\Middleware\TransformsRequest.php(21): Illuminate\Pipeline\Pipeline->Illuminate\Pipeline\{closure}(Object(Illuminate\Http\Request))
  #26 F:\Projects\BackEnd\laravel\go\go\vendor\laravel\framework\src\Illuminate\Foundation\Http\Middleware\TrimStrings.php(40): Illuminate\Foundation\Http\Middleware\TransformsRequest->handle(Object(Illuminate\Http\Request), Object(Closure))
  #27 F:\Projects\BackEnd\laravel\go\go\vendor\laravel\framework\src\Illuminate\Pipeline\Pipeline.php(180): Illuminate\Foundation\Http\Middleware\TrimStrings->handle(Object(Illuminate\Http\Request), Object(Closure))
  #28 F:\Projects\BackEnd\laravel\go\go\vendor\laravel\framework\src\Illuminate\Foundation\Http\Middleware\ValidatePostSize.php(27): Illuminate\Pipeline\Pipeline->Illuminate\Pipeline\{closure}(Object(Illuminate\Http\Request))
  #29 F:\Projects\BackEnd\laravel\go\go\vendor\laravel\framework\src\Illuminate\Pipeline\Pipeline.php(180): Illuminate\Foundation\Http\Middleware\ValidatePostSize->handle(Object(Illuminate\Http\Request), Object(Closure))
  #30 F:\Projects\BackEnd\laravel\go\go\vendor\laravel\framework\src\Illuminate\Foundation\Http\Middleware\PreventRequestsDuringMaintenance.php(86): Illuminate\Pipeline\Pipeline->Illuminate\Pipeline\{closure}(Object(Illuminate\Http\Request))
  #31 F:\Projects\BackEnd\laravel\go\go\vendor\laravel\framework\src\Illuminate\Pipeline\Pipeline.php(180): Illuminate\Foundation\Http\Middleware\PreventRequestsDuringMaintenance->handle(Object(Illuminate\Http\Request), Object(Closure))
  #32 F:\Projects\BackEnd\laravel\go\go\vendor\fruitcake\laravel-cors\src\HandleCors.php(52): Illuminate\Pipeline\Pipeline->Illuminate\Pipeline\{closure}(Object(Illuminate\Http\Request))
  #33 F:\Projects\BackEnd\laravel\go\go\vendor\laravel\framework\src\Illuminate\Pipeline\Pipeline.php(180): Fruitcake\Cors\HandleCors->handle(Object(Illuminate\Http\Request), Object(Closure))
  #34 F:\Projects\BackEnd\laravel\go\go\vendor\laravel\framework\src\Illuminate\Http\Middleware\TrustProxies.php(39): Illuminate\Pipeline\Pipeline->Illuminate\Pipeline\{closure}(Object(Illuminate\Http\Request))
  #35 F:\Projects\BackEnd\laravel\go\go\vendor\laravel\framework\src\Illuminate\Pipeline\Pipeline.php(180): Illuminate\Http\Middleware\TrustProxies->handle(Object(Illuminate\Http\Request), Object(Closure))
  #36 F:\Projects\BackEnd\laravel\go\go\vendor\laravel\framework\src\Illuminate\Pipeline\Pipeline.php(116): Illuminate\Pipeline\Pipeline->Illuminate\Pipeline\{closure}(Object(Illuminate\Http\Request))
  #37 F:\Projects\BackEnd\laravel\go\go\vendor\laravel\framework\src\Illuminate\Foundation\Http\Kernel.php(165): Illuminate\Pipeline\Pipeline->then(Object(Closure))
  #38 F:\Projects\BackEnd\laravel\go\go\vendor\laravel\framework\src\Illuminate\Foundation\Http\Kernel.php(134): Illuminate\Foundation\Http\Kernel->sendRequestThroughRouter(Object(Illuminate\Http\Request))
  #39 F:\Projects\BackEnd\laravel\go\go\vendor\laravel\framework\src\Illuminate\Foundation\Testing\Concerns\MakesHttpRequests.php(556): Illuminate\Foundation\Http\Kernel->handle(Object(Illuminate\Http\Request))
  #40 F:\Projects\BackEnd\laravel\go\go\vendor\laravel\framework\src\Illuminate\Foundation\Testing\Concerns\MakesHttpRequests.php(522): Illuminate\Foundation\Testing\TestCase->call('POST', '/api/auth/regis...', Array, Array, Array, Array, '{"name":"Test U...')
  #41 F:\Projects\BackEnd\laravel\go\go\vendor\laravel\framework\src\Illuminate\Foundation\Testing\Concerns\MakesHttpRequests.php(365): Illuminate\Foundation\Testing\TestCase->json('POST', '/api/auth/regis...', Array, Array)
  #42 F:\Projects\BackEnd\laravel\go\go\tests\Feature\ApiAuthTest.php(65): Illuminate\Foundation\Testing\TestCase->postJson('/api/auth/regis...', Array)
  #43 F:\Projects\BackEnd\laravel\go\go\vendor\phpunit\phpunit\src\Framework\TestCase.php(1617): Tests\Feature\ApiAuthTest->test_user_can_register()
  #44 F:\Projects\BackEnd\laravel\go\go\vendor\phpunit\phpunit\src\Framework\TestCase.php(1223): PHPUnit\Framework\TestCase->runTest()
  #45 F:\Projects\BackEnd\laravel\go\go\vendor\phpunit\phpunit\src\Framework\TestResult.php(729): PHPUnit\Framework\TestCase->runBare()
  #46 F:\Projects\BackEnd\laravel\go\go\vendor\phpunit\phpunit\src\Framework\TestCase.php(973): PHPUnit\Framework\TestResult->run(Object(Tests\Feature\ApiAuthTest))
  #47 F:\Projects\BackEnd\laravel\go\go\vendor\phpunit\phpunit\src\Framework\TestSuite.php(685): PHPUnit\Framework\TestCase->run(Object(PHPUnit\Framework\TestResult))
  #48 F:\Projects\BackEnd\laravel\go\go\vendor\phpunit\phpunit\src\TextUI\TestRunner.php(651): PHPUnit\Framework\TestSuite->run(Object(PHPUnit\Framework\TestResult))
  #49 F:\Projects\BackEnd\laravel\go\go\vendor\phpunit\phpunit\src\TextUI\Command.php(146): PHPUnit\TextUI\TestRunner->run(Object(PHPUnit\Framework\TestSuite), Array, Array, true)
  #50 F:\Projects\BackEnd\laravel\go\go\vendor\phpunit\phpunit\src\TextUI\Command.php(99): PHPUnit\TextUI\Command->run(Array, true)
  #51 F:\Projects\BackEnd\laravel\go\go\vendor\phpunit\phpunit\phpunit(107): PHPUnit\TextUI\Command::main()
  #52 {main}
  
  ----------------------------------------------------------------------------------
  
  Auth guard [api] is not defined.[39;22m

  at [32mF:\Projects\BackEnd\laravel\go\go\tests\Feature\ApiAuthTest.php[39m:[32m75[39m
     71Γûò             'age' => 25,
     72Γûò             'nationality_id' => $this->nationality->id,
     73Γûò         ]);
     74Γûò 
  Γ₧£  75Γûò         $response->assertStatus(200)
     76Γûò             ->assertJsonStructure(['access_token', 'token_type', 'expires_in', 'user']);
     77Γûò 
     78Γûò         $this->assertDatabaseHas('users', [
     79Γûò             'email' => 'test@example.com',

  [33m1   [39m[39;1mF:\Projects\BackEnd\laravel\go\go\vendor\phpunit\phpunit\phpunit[39;22m:[39;1m107[39;22m
  [90m    PHPUnit\TextUI\Command::main()[39m

  [31;1mΓÇó Tests\Feature\ApiAuthTest [39;22m> [31;1mdriver can register with availability[39;22m
  [41;1m Illuminate\Database\QueryException [49;22m

[39;1m  SQLSTATE[23000]: Integrity constraint violation: 1062 Duplicate entry '1' for key 'days.days_order_unique' (SQL: insert into `days` (`name_ar`, `name_en`, `order`, `is_active`, `updated_at`, `created_at`) values (╪º┘ä╪│╪¿╪¬, Saturday, 1, 1, 2026-02-13 13:33:12, 2026-02-13 13:33:12))[39;22m

  at [32mF:\Projects\BackEnd\laravel\go\go\vendor\laravel\framework\src\Illuminate\Database\Connection.php[39m:[32m760[39m
    756Γûò         // If an exception occurs when attempting to run a query, we'll format the error
    757Γûò         // message to include the bindings with SQL, which will make this exception a
    758Γûò         // lot more helpful to the developer instead of just the database's errors.
    759Γûò         catch (Exception $e) {
  Γ₧£ 760Γûò             throw new QueryException(
    761Γûò                 $query, $this->prepareBindings($bindings), $e
    762Γûò             );
    763Γûò         }
    764Γûò     }

  [33m1   [39m[39;1mF:\Projects\BackEnd\laravel\go\go\vendor\laravel\framework\src\Illuminate\Database\Connection.php[39;22m:[39;1m545[39;22m
  [90m    PDOException::("SQLSTATE[23000]: Integrity constraint violation: 1062 Duplicate entry '1' for key 'days.days_order_unique'")[39m

  [33m2   [39m[39;1mF:\Projects\BackEnd\laravel\go\go\vendor\laravel\framework\src\Illuminate\Database\Connection.php[39;22m:[39;1m545[39;22m
  [90m    PDOStatement::execute()[39m

  [31;1mΓÇó Tests\Feature\ApiAuthTest [39;22m> [31;1muser can login[39;22m
  [41;1m Illuminate\Database\QueryException [49;22m

[39;1m  SQLSTATE[23000]: Integrity constraint violation: 1062 Duplicate entry '1' for key 'days.days_order_unique' (SQL: insert into `days` (`name_ar`, `name_en`, `order`, `is_active`, `updated_at`, `created_at`) values (╪º┘ä╪│╪¿╪¬, Saturday, 1, 1, 2026-02-13 13:33:12, 2026-02-13 13:33:12))[39;22m

  at [32mF:\Projects\BackEnd\laravel\go\go\vendor\laravel\framework\src\Illuminate\Database\Connection.php[39m:[32m760[39m
    756Γûò         // If an exception occurs when attempting to run a query, we'll format the error
    757Γûò         // message to include the bindings with SQL, which will make this exception a
    758Γûò         // lot more helpful to the developer instead of just the database's errors.
    759Γûò         catch (Exception $e) {
  Γ₧£ 760Γûò             throw new QueryException(
    761Γûò                 $query, $this->prepareBindings($bindings), $e
    762Γûò             );
    763Γûò         }
    764Γûò     }

  [33m1   [39m[39;1mF:\Projects\BackEnd\laravel\go\go\vendor\laravel\framework\src\Illuminate\Database\Connection.php[39;22m:[39;1m545[39;22m
  [90m    PDOException::("SQLSTATE[23000]: Integrity constraint violation: 1062 Duplicate entry '1' for key 'days.days_order_unique'")[39m

  [33m2   [39m[39;1mF:\Projects\BackEnd\laravel\go\go\vendor\laravel\framework\src\Illuminate\Database\Connection.php[39;22m:[39;1m545[39;22m
  [90m    PDOStatement::execute()[39m

  [31;1mΓÇó Tests\Feature\ApiAuthTest [39;22m> [31;1mauthenticated user can get profile[39;22m
  [41;1m Illuminate\Database\QueryException [49;22m

[39;1m  SQLSTATE[23000]: Integrity constraint violation: 1062 Duplicate entry '1' for key 'days.days_order_unique' (SQL: insert into `days` (`name_ar`, `name_en`, `order`, `is_active`, `updated_at`, `created_at`) values (╪º┘ä╪│╪¿╪¬, Saturday, 1, 1, 2026-02-13 13:33:12, 2026-02-13 13:33:12))[39;22m

  at [32mF:\Projects\BackEnd\laravel\go\go\vendor\laravel\framework\src\Illuminate\Database\Connection.php[39m:[32m760[39m
    756Γûò         // If an exception occurs when attempting to run a query, we'll format the error
    757Γûò         // message to include the bindings with SQL, which will make this exception a
    758Γûò         // lot more helpful to the developer instead of just the database's errors.
    759Γûò         catch (Exception $e) {
  Γ₧£ 760Γûò             throw new QueryException(
    761Γûò                 $query, $this->prepareBindings($bindings), $e
    762Γûò             );
    763Γûò         }
    764Γûò     }

  [33m1   [39m[39;1mF:\Projects\BackEnd\laravel\go\go\vendor\laravel\framework\src\Illuminate\Database\Connection.php[39;22m:[39;1m545[39;22m
  [90m    PDOException::("SQLSTATE[23000]: Integrity constraint violation: 1062 Duplicate entry '1' for key 'days.days_order_unique'")[39m

  [33m2   [39m[39;1mF:\Projects\BackEnd\laravel\go\go\vendor\laravel\framework\src\Illuminate\Database\Connection.php[39;22m:[39;1m545[39;22m
  [90m    PDOStatement::execute()[39m

  [31;1mΓÇó Tests\Feature\ApiAuthTest [39;22m> [31;1mdriver registration fails with invalid availability[39;22m
  [41;1m Illuminate\Database\QueryException [49;22m

[39;1m  SQLSTATE[23000]: Integrity constraint violation: 1062 Duplicate entry '1' for key 'days.days_order_unique' (SQL: insert into `days` (`name_ar`, `name_en`, `order`, `is_active`, `updated_at`, `created_at`) values (╪º┘ä╪│╪¿╪¬, Saturday, 1, 1, 2026-02-13 13:33:12, 2026-02-13 13:33:12))[39;22m

  at [32mF:\Projects\BackEnd\laravel\go\go\vendor\laravel\framework\src\Illuminate\Database\Connection.php[39m:[32m760[39m
    756Γûò         // If an exception occurs when attempting to run a query, we'll format the error
    757Γûò         // message to include the bindings with SQL, which will make this exception a
    758Γûò         // lot more helpful to the developer instead of just the database's errors.
    759Γûò         catch (Exception $e) {
  Γ₧£ 760Γûò             throw new QueryException(
    761Γûò                 $query, $this->prepareBindings($bindings), $e
    762Γûò             );
    763Γûò         }
    764Γûò     }

  [33m1   [39m[39;1mF:\Projects\BackEnd\laravel\go\go\vendor\laravel\framework\src\Illuminate\Database\Connection.php[39;22m:[39;1m545[39;22m
  [90m    PDOException::("SQLSTATE[23000]: Integrity constraint violation: 1062 Duplicate entry '1' for key 'days.days_order_unique'")[39m

  [33m2   [39m[39;1mF:\Projects\BackEnd\laravel\go\go\vendor\laravel\framework\src\Illuminate\Database\Connection.php[39;22m:[39;1m545[39;22m
  [90m    PDOStatement::execute()[39m


  [37;1mTests:  [39;22m[31;1m5 failed[39;22m
  [37;1mTime:   [39;22m[39m2.91s[39m


